======================================
Thoi gian chay script: 2026-05-18 02:09:36
Thu muc backups da ton tai.
Ket noi Internet: Co ket noi
Ten file backup: data_backup_2026-05-18_02-09.tar.gz
Trang thai backup: Thanh cong
Khong co backup cu can xoa.
Git: Project chua duoc khoi tao Git repository.
Thong bao: Hoan thanh qua trinh backup.
======================================
Thoi gian chay script: 2026-05-18 02:16:34
Thu muc backups da ton tai.
Ket noi Internet: Co ket noi
Ten file backup: data_backup_2026-05-18_02-16.tar.gz
Trang thai backup: Thanh cong
Khong co backup cu can xoa.
Git: Project chua duoc khoi tao Git repository.
Thong bao: Hoan thanh qua trinh backup.
======================================
Thoi gian chay script: 2026-05-18 02:30:02
Thu muc backups da ton tai.
Ket noi Internet: Co ket noi
Ten file backup: data_backup_2026-05-18_02-30.tar.gz
Trang thai backup: Thanh cong
Khong co backup cu can xoa.
Git: Project chua duoc khoi tao Git repository.
Thong bao: Hoan thanh qua trinh backup.
======================================
Thoi gian chay script: 2026-05-18 02:32:01
Thu muc backups da ton tai.
Ket noi Internet: Co ket noi
Ten file backup: data_backup_2026-05-18_02-32.tar.gz
Trang thai backup: Thanh cong
Khong co backup cu can xoa.
Git: Project chua duoc khoi tao Git repository.
Thong bao: Hoan thanh qua trinh backup.
======================================
Thoi gian chay script: 2026-05-18 02:34:01
Thu muc backups da ton tai.
Ket noi Internet: Co ket noi
Ten file backup: data_backup_2026-05-18_02-34.tar.gz
Trang thai backup: Thanh cong
Khong co backup cu can xoa.
Git: Project chua duoc khoi tao Git repository.
Thong bao: Hoan thanh qua trinh backup.
======================================
Thoi gian chay script: 2026-05-18 02:36:01
Thu muc backups da ton tai.
Ket noi Internet: Co ket noi
Ten file backup: data_backup_2026-05-18_02-36.tar.gz
Trang thai backup: Thanh cong
Da xoa cac backup cu, chi giu lai 5 file moi nhat.
Git: Project chua duoc khoi tao Git repository.
Thong bao: Hoan thanh qua trinh backup.
======================================
Thoi gian chay script: 2026-05-18 02:38:01
Thu muc backups da ton tai.
Ket noi Internet: Co ket noi
Ten file backup: data_backup_2026-05-18_02-38.tar.gz
Trang thai backup: Thanh cong
Da xoa cac backup cu, chi giu lai 5 file moi nhat.
Git: Project chua duoc khoi tao Git repository.
Thong bao: Hoan thanh qua trinh backup.
======================================
Thoi gian chay script: 2026-05-18 02:40:01
Thu muc backups da ton tai.
Ket noi Internet: Co ket noi
Ten file backup: data_backup_2026-05-18_02-40.tar.gz
Trang thai backup: Thanh cong
Da xoa cac backup cu, chi giu lai 5 file moi nhat.
Git: Chua cau hinh remote origin.
Thong bao: Hoan thanh qua trinh backup.
======================================
Thoi gian chay script: 2026-05-18 02:42:01
Thu muc backups da ton tai.
Ket noi Internet: Co ket noi
Ten file backup: data_backup_2026-05-18_02-42.tar.gz
Trang thai backup: Thanh cong
Da xoa cac backup cu, chi giu lai 5 file moi nhat.
Git: Chua cau hinh remote origin.
Thong bao: Hoan thanh qua trinh backup.
======================================
Thoi gian chay script: 2026-05-18 02:44:01
Thu muc backups da ton tai.
Ket noi Internet: Co ket noi
Ten file backup: data_backup_2026-05-18_02-44.tar.gz
Trang thai backup: Thanh cong
Da xoa cac backup cu, chi giu lai 5 file moi nhat.
Git: Chua cau hinh remote origin.
Thong bao: Hoan thanh qua trinh backup.
======================================
Thoi gian chay script: 2026-05-18 02:46:01
Thu muc backups da ton tai.
Ket noi Internet: Co ket noi
Ten file backup: data_backup_2026-05-18_02-46.tar.gz
Trang thai backup: Thanh cong
Da xoa cac backup cu, chi giu lai 5 file moi nhat.
